// Jest Snapshot v1, https://goo.gl/fbAQLP

exports[`ListPage component tests should match snapshot 1`] = `"Loading..."`;
